<html>
<body>
<pre>
<h1>µVision Build Log</h1>
<h2>Tool Versions:</h2>
IDE-Version: ¦ÌVision V5.24.2.0
Copyright (C) 2017 ARM Ltd and ARM Germany GmbH. All rights reserved.
License Information: 12 PC, 1231, LIC=CZLZX-HJVP3-63HMB-27V71-9SM44-74YSG
 
Tool Versions:
Toolchain:       MDK-ARM Plus  Version: 5.24.1
Toolchain Path:  D:\Program Files(x86)\keil5\ARM\ARMCC\Bin
C Compiler:      Armcc.exe V5.06 update 5 (build 528)
Assembler:       Armasm.exe V5.06 update 5 (build 528)
Linker/Locator:  ArmLink.exe V5.06 update 5 (build 528)
Library Manager: ArmAr.exe V5.06 update 5 (build 528)
Hex Converter:   FromElf.exe V5.06 update 5 (build 528)
CPU DLL:         SARMCM3.DLL V5.24.1
Dialog DLL:      DCM.DLL V1.16.0.0
Target DLL:      CMSIS_AGDI.dll V1.28.3.0
Dialog DLL:      TCM.DLL V1.32.0.0
 
<h2>Project:</h2>
D:\Program Files(x86)\myproject\SmartHome\USER\SmartHome.uvprojx
Project File Date:  03/02/2024

<h2>Output:</h2>
*** Using Compiler 'V5.06 update 5 (build 528)', folder: 'D:\Program Files(x86)\keil5\ARM\ARMCC\Bin'
Rebuild target 'LED'
compiling system.c...
compiling delay.c...
compiling system_stm32f10x.c...
compiling usart.c...
compiling timer.c...
compiling main.c...
compiling stm32f10x_it.c...
compiling led.c...
compiling Buzzer.c...
compiling exti.c...
compiling key.c...
compiling BH1750.c...
compiling DHT11.c...
compiling OLED.c...
compiling sys.c...
assembling startup_stm32f10x_hd.s...
compiling MqttKit.c...
compiling core_cm3.c...
compiling esp8266.c...
compiling cJSON.c...
compiling stm32f10x_gpio.c...
compiling onenet.c...
compiling stm32f10x_rcc.c...
compiling stm32f10x_exti.c...
compiling misc.c...
compiling stm32f10x_usart.c...
compiling stm32f10x_tim.c...
linking...
Program Size: Code=44012 RO-data=2532 RW-data=96 ZI-data=2032  
FromELF: creating hex file...
"..\OBJ\SmartHome.axf" - 0 Error(s), 0 Warning(s).

<h2>Software Packages used:</h2>

Package Vendor: Keil
                http://www.keil.com/pack/Keil.STM32F1xx_DFP.2.2.0.pack
                Keil.STM32F1xx_DFP.2.2.0
                STMicroelectronics STM32F1 Series Device Support, Drivers and Examples

<h2>Collection of Component include folders:</h2>
  .\RTE\_LED
  D:\Program Files(x86)\keil5\ARM\PACK\Keil\STM32F1xx_DFP\2.2.0\Device\Include

<h2>Collection of Component Files used:</h2>
Build Time Elapsed:  00:00:01
</pre>
</body>
</html>
